// Vitest Snapshot v1, https://vitest.dev/guide/snapshot.html

exports[`App > When App is rendered > Then it should match snapshot 1`] = `
<div>
  <header>
    <nav>
      <ul>
        <li>
          <a
            aria-current="page"
            class="active"
            data-discover="true"
            href="/"
          >
            Home
          </a>
        </li>
        <li>
          <a
            class=""
            data-discover="true"
            href="/morpion"
          >
            Morpion
          </a>
        </li>
        <li>
          <a
            class=""
            data-discover="true"
            href="/sudoku"
          >
            Sudoku
          </a>
        </li>
      </ul>
    </nav>
  </header>
  <main>
    <div>
      Home
    </div>
  </main>
</div>
`;
